AR test1 testbench_arch C:/Xilinx/Dff/test1.vhw sub00/vhpl05 1570424850
EN dff NULL C:/Xilinx/Dff/Dff.vhd sub00/vhpl00 1570424763
AR dff behavioral C:/Xilinx/Dff/Dff.vhd sub00/vhpl01 1570424764
EN test1 NULL C:/Xilinx/Dff/test1.vhw sub00/vhpl04 1570424849
AR test testbench_arch C:/Xilinx/Dff/test.vhw sub00/vhpl03 1570424766
EN test NULL C:/Xilinx/Dff/test.vhw sub00/vhpl02 1570424765
