EN wave NULL C:/Users/DELL/Desktop/TUSHAR/Adder/wave.vhw sub00/vhpl02 1539215200
AR hadderee testbench_arch "C:/Users/Subham Jena 1/Desktop/deld vhdl/1.  hadder/hadderee.vhw" sub00/vhpl05 1571196142
EN halfadder NULL "C:/Users/Subham Jena 1/Desktop/deld vhdl/1.  hadder/halfadder.vhd" sub00/vhpl00 1571196104
AR wave testbench_arch C:/Users/DELL/Desktop/TUSHAR/Adder/wave.vhw sub00/vhpl03 1539215201
AR halfadder behavioral "C:/Users/Subham Jena 1/Desktop/deld vhdl/1.  hadder/halfadder.vhd" sub00/vhpl01 1571196105
EN hadderee NULL "C:/Users/Subham Jena 1/Desktop/deld vhdl/1.  hadder/hadderee.vhw" sub00/vhpl04 1571196141
