AR two behavioral "C:/Users/Subham Jena 1/Desktop/adarsh deld/VHDL/Mux/two.vhd" sub00/vhpl01 1570446139
EN wave NULL "C:/Users/Subham Jena 1/Desktop/adarsh deld/VHDL/Mux/wave.vhw" sub00/vhpl02 1570446140
AR wave testbench_arch "C:/Users/Subham Jena 1/Desktop/adarsh deld/VHDL/Mux/wave.vhw" sub00/vhpl03 1570446141
EN wave1 NULL C:/Users/DELL/Desktop/TUSHAR/Mux/wave1.vhw sub00/vhpl04 1539218028
EN two NULL "C:/Users/Subham Jena 1/Desktop/adarsh deld/VHDL/Mux/two.vhd" sub00/vhpl00 1570446138
AR wave1 testbench_arch C:/Users/DELL/Desktop/TUSHAR/Mux/wave1.vhw sub00/vhpl05 1539218029
