EN mux2to1 NULL "C:/Users/Subham Jena 1/Desktop/deld vhdl/8.  MUX/mux8-1str/dsad.vhd" sub00/vhpl00 1571198572
AR mux2to1 behavioral "C:/Users/Subham Jena 1/Desktop/deld vhdl/8.  MUX/mux8-1str/dsad.vhd" sub00/vhpl01 1571198573
EN m4to1 NULL "C:/Users/Subham Jena 1/Desktop/deld vhdl/8.  MUX/mux8-1str/dsad.vhd" sub00/vhpl02 1571198574
AR m4to1 behavioral "C:/Users/Subham Jena 1/Desktop/deld vhdl/8.  MUX/mux8-1str/dsad.vhd" sub00/vhpl03 1571198575
