EN mux81 NULL D:/DELD/MUX81/Code.vhd sub00/vhpl00 1571215473
EN waveeeeeeeeeeeeeeeeeeeeeeeeeeeeeeeeeeee NULL D:/DELD/MUX81/wavEeeeeeeeeeeeeeeeeeeeeeeeeeeeeeeeeeee.vhw sub00/vhpl02 1571215475
AR mux81 behavioral D:/DELD/MUX81/Code.vhd sub00/vhpl01 1571215474
AR waveeeeeeeeeeeeeeeeeeeeeeeeeeeeeeeeeeee testbench_arch D:/DELD/MUX81/wavEeeeeeeeeeeeeeeeeeeeeeeeeeeeeeeeeeee.vhw sub00/vhpl03 1571215476
