V3 3
FL D:/DELD/FullAdderD/FACode.vhd 2019/10/16.12:29:51 I.24
EN work/FACode 1571209214          FL D:/DELD/FullAdderD/FACode.vhd PB ieee/std_logic_1164 1131108373 \
      PB ieee/std_logic_arith 1131108375 PB ieee/STD_LOGIC_UNSIGNED 1131108379
AR work/FACode/Behavioral 1571209215 FL D:/DELD/FullAdderD/FACode.vhd EN work/FACode 1571209214
