Release 8.1i - xst I.24
Copyright (c) 1995-2005 Xilinx, Inc.  All rights reserved.
--> Parameter TMPDIR set to ./xst/projnav.tmp
CPU : 0.00 / 0.11 s | Elapsed : 0.00 / 0.00 s
 
--> Parameter xsthdpdir set to ./xst
CPU : 0.00 / 0.11 s | Elapsed : 0.00 / 0.00 s
 
--> Reading design: strucAsyn.prj

TABLE OF CONTENTS
  1) Synthesis Options Summary
  2) HDL Compilation
  3) HDL Analysis
  4) HDL Synthesis
     4.1) HDL Synthesis Report
  5) Advanced HDL Synthesis
     5.1) Advanced HDL Synthesis Report
  6) Low Level Synthesis
  7) Final Report

=========================================================================
*                      Synthesis Options Summary                        *
=========================================================================
---- Source Parameters
Input File Name                    : "strucAsyn.prj"
Input Format                       : mixed
Ignore Synthesis Constraint File   : NO

---- Target Parameters
Output File Name                   : "strucAsyn"
Output Format                      : NGC
Target Device                      : Automotive CoolRunner2

---- Source Options
Top Module Name                    : strucAsyn
Automatic FSM Extraction           : YES
FSM Encoding Algorithm             : Auto
Mux Extraction                     : YES
Resource Sharing                   : YES

---- Target Options
Add IO Buffers                     : YES
MACRO Preserve                     : YES
XOR Preserve                       : YES
Equivalent register Removal        : YES

---- General Options
Optimization Goal                  : Speed
Optimization Effort                : 1
Keep Hierarchy                     : YES
RTL Output                         : Yes
Hierarchy Separator                : /
Bus Delimiter                      : <>
Case Specifier                     : maintain

---- Other Options
lso                                : strucAsyn.lso
verilog2001                        : YES
safe_implementation                : No
wysiwyg                            : NO

=========================================================================


=========================================================================
*                          HDL Compilation                              *
=========================================================================
Compiling vhdl file "D:/DELD/AsyncCounterS/ACCode.vhd" in Library work.
Architecture behavioral of Entity jff is up to date.
Architecture behavioral of Entity strucasyn is up to date.

=========================================================================
*                            HDL Analysis                               *
=========================================================================
Analyzing Entity <strucAsyn> (Architecture <behavioral>).
Entity <strucAsyn> analyzed. Unit <strucAsyn> generated.

Analyzing Entity <jff> (Architecture <behavioral>).
Entity <jff> analyzed. Unit <jff> generated.


=========================================================================
*                           HDL Synthesis                               *
=========================================================================

Synthesizing Unit <jff>.
    Related source file is "D:/DELD/AsyncCounterS/ACCode.vhd".
    Found 1-bit register for signal <t>.
    Summary:
	inferred   1 D-type flip-flop(s).
Unit <jff> synthesized.


Synthesizing Unit <strucAsyn>.
    Related source file is "D:/DELD/AsyncCounterS/ACCode.vhd".
Unit <strucAsyn> synthesized.


=========================================================================
HDL Synthesis Report

Macro Statistics
# Registers                                            : 4
 1-bit register                                        : 4

=========================================================================

=========================================================================
*                       Advanced HDL Synthesis                          *
=========================================================================


=========================================================================
Advanced HDL Synthesis Report

Macro Statistics
# Registers                                            : 1
 Flip-Flops                                            : 1

=========================================================================

=========================================================================
*                         Low Level Synthesis                           *
=========================================================================

Optimizing unit <strucAsyn> ...

Optimizing unit <jff> ...

=========================================================================
*                            Final Report                               *
=========================================================================
Final Results
RTL Top Level Output File Name     : strucAsyn.ngr
Top Level Output File Name         : strucAsyn
Output Format                      : NGC
Optimization Goal                  : Speed
Keep Hierarchy                     : YES
Target Technology                  : Automotive CoolRunner2
Macro Preserve                     : YES
XOR Preserve                       : YES
wysiwyg                            : NO

Design Statistics
# IOs                              : 6

Cell Usage :
# BELS                             : 25
#      AND2                        : 4
#      GND                         : 4
#      INV                         : 8
#      OR2                         : 4
#      VCC                         : 5
# FlipFlops/Latches                : 4
#      FDPE                        : 4
# IO Buffers                       : 6
#      IBUF                        : 2
#      OBUF                        : 4
=========================================================================
CPU : 2.73 / 2.84 s | Elapsed : 3.00 / 3.00 s
 
--> 

Total memory usage is 146232 kilobytes

Number of errors   :    0 (   0 filtered)
Number of warnings :    0 (   0 filtered)
Number of infos    :    0 (   0 filtered)

