AR waveeeeeeeeeeeeeee testbench_arch D:/DELD/MUX21/waveeeeeeeeeeeeeee.vhw sub00/vhpl03 1571212399
EN waveeeeeeeeeeeeeee NULL D:/DELD/MUX21/waveeeeeeeeeeeeeee.vhw sub00/vhpl02 1571212398
AR two behavioral D:/DELD/MUX21/MUXCode.vhd sub00/vhpl01 1571212397
EN two NULL D:/DELD/MUX21/MUXCode.vhd sub00/vhpl00 1571212396
