AR fghfghfghfyuyu testbench_arch D:/Downloads/DELD-20191022T082526Z-001/DELD/FullAdder/sfghfjflkjhgf/fghfghfghfyuyu.vhw sub00/vhpl03 1572384866
EN sbvd NULL D:/Downloads/DELD-20191022T082526Z-001/DELD/FullAdder/sfghfjflkjhgf/vbzgffd.vhd sub00/vhpl00 1572384842
EN fghfghfghfyuyu NULL D:/Downloads/DELD-20191022T082526Z-001/DELD/FullAdder/sfghfjflkjhgf/fghfghfghfyuyu.vhw sub00/vhpl02 1572384865
AR sbvd behavioral D:/Downloads/DELD-20191022T082526Z-001/DELD/FullAdder/sfghfjflkjhgf/vbzgffd.vhd sub00/vhpl01 1572384843
