AR jff behavioral D:/DELD/SyncCounterS/SyncCounterCode.vhd sub00/vhpl01 1571288696
EN stucsyn NULL D:/DELD/SyncCounterS/SyncCounterCode.vhd sub00/vhpl02 1571288697
AR stucsyn behavioral D:/DELD/SyncCounterS/SyncCounterCode.vhd sub00/vhpl03 1571288698
EN jff NULL D:/DELD/SyncCounterS/SyncCounterCode.vhd sub00/vhpl00 1571288695
