EN four NULL "C:/Users/Subham Jena 1/Desktop/deld vhdl/four/four.vhd" sub00/vhpl00 1570445669
AR four behavioral "C:/Users/Subham Jena 1/Desktop/deld vhdl/four/four.vhd" sub00/vhpl01 1570445670
EN wave NULL "C:/Users/Subham Jena 1/Desktop/deld vhdl/four/wave.vhw" sub00/vhpl02 1570445671
AR wave testbench_arch "C:/Users/Subham Jena 1/Desktop/deld vhdl/four/wave.vhw" sub00/vhpl03 1570445672
