AR fulladder behavioral "C:/Users/Subham Jena 1/Desktop/deld vhdl/adder/str/strucFulladd/fulladder.vhd" sub00/vhpl01 1571114465
EN orgate NULL "C:/Users/Subham Jena 1/Desktop/adarsh deld/VHDL/strucFulladd/orgate.vhd" sub00/vhpl04 1570540451
EN half_adder NULL "C:/Users/Subham Jena 1/Desktop/adarsh deld/VHDL/strucFulladd/half_adder.vhd" sub00/vhpl02 1570540449
EN fulladder NULL "C:/Users/Subham Jena 1/Desktop/deld vhdl/adder/str/strucFulladd/fulladder.vhd" sub00/vhpl00 1571114464
AR half_adder behavioral "C:/Users/Subham Jena 1/Desktop/adarsh deld/VHDL/strucFulladd/half_adder.vhd" sub00/vhpl03 1570540450
AR orgate behavioral "C:/Users/Subham Jena 1/Desktop/adarsh deld/VHDL/strucFulladd/orgate.vhd" sub00/vhpl05 1570540452
