AR jff behavioral "D:/deld vhdl/10. async counter/str/strucAsyn/jff.vhd" sub00/vhpl03 1571210897
AR strucasyn behavioral "D:/deld vhdl/10. async counter/str/strucAsyn/strucAsyn.vhd" sub00/vhpl01 1571211048
EN strucasyn NULL "D:/deld vhdl/10. async counter/str/strucAsyn/strucAsyn.vhd" sub00/vhpl00 1571211047
EN jff NULL "D:/deld vhdl/10. async counter/str/strucAsyn/jff.vhd" sub00/vhpl02 1571210896
