AR hsub1 behavioral "C:/Users/Subham Jena 1/Desktop/deld vhdl/hsub/hsub/hsub1.vhd" sub00/vhpl01 1570684537
EN hsub1 NULL "C:/Users/Subham Jena 1/Desktop/deld vhdl/hsub/hsub/hsub1.vhd" sub00/vhpl00 1570684536
EN hsub12 NULL "C:/Users/Subham Jena 1/Desktop/deld vhdl/hsub/hsub/hsub12.vhw" sub00/vhpl02 1570684538
AR hsub12 testbench_arch "C:/Users/Subham Jena 1/Desktop/deld vhdl/hsub/hsub/hsub12.vhw" sub00/vhpl03 1570684539
