V3 3
FL D:/DELD/FullAdderB/FACode.vhd 2019/10/16.12:15:06 I.24
EN work/FACode 1571208343          FL D:/DELD/FullAdderB/FACode.vhd PB ieee/std_logic_1164 1131108373 \
      PB ieee/std_logic_arith 1131108375 PB ieee/STD_LOGIC_UNSIGNED 1131108379
AR work/FACode/Behavioral 1571208344 FL D:/DELD/FullAdderB/FACode.vhd EN work/FACode 1571208343
