AR fulladder behavioral C:/Users/DELL/Desktop/TUSHAR/Fulladder/fulladder.vhd sub00/vhpl01 1539215481
EN wave NULL C:/Users/DELL/Desktop/TUSHAR/Fulladder/wave.vhw sub00/vhpl02 1539215482
AR wave testbench_arch C:/Users/DELL/Desktop/TUSHAR/Fulladder/wave.vhw sub00/vhpl03 1539215483
EN fulladder NULL C:/Users/DELL/Desktop/TUSHAR/Fulladder/fulladder.vhd sub00/vhpl00 1539215480
