EN four NULL D:/DELD/MUX41/MUXCode.vhd sub00/vhpl00 1571212699
AR four behavioral D:/DELD/MUX41/MUXCode.vhd sub00/vhpl01 1571212700
AR waveeeeeeeeeeeeeeeeeeeeeee testbench_arch D:/DELD/MUX41/waveeeeeeeeeeeeeeeeeeeeeee.vhw sub00/vhpl03 1571212765
EN waveeeeeeeeeeeeeeeeeeeeeee NULL D:/DELD/MUX41/waveeeeeeeeeeeeeeeeeeeeeee.vhw sub00/vhpl02 1571212764
