EN jk_ff NULL "D:/deld vhdl/8.  MUX/Asynccounter/asccode.vhd" sub00/vhpl00 1571204453
AR asynchronus_struc_counter_vhdl structural "D:/deld vhdl/8.  MUX/Asynccounter/asccode.vhd" sub00/vhpl03 1571204456
EN asynchronus_struc_counter_vhdl NULL "D:/deld vhdl/8.  MUX/Asynccounter/asccode.vhd" sub00/vhpl02 1571204455
EN async NULL "D:/deld vhdl/8.  MUX/Asynccounter/asccode.vhd" sub00/vhpl05 1571205889
EN jkff NULL "D:/deld vhdl/8.  MUX/Asynccounter/asccode.vhd" sub00/vhpl04 1571205887
AR async str "D:/deld vhdl/8.  MUX/Asynccounter/asccode.vhd" sub00/vhpl07 1571205890
AR jk_ff behavioral "D:/deld vhdl/8.  MUX/Asynccounter/asccode.vhd" sub00/vhpl01 1571204454
AR jkff behavioral "D:/deld vhdl/8.  MUX/Asynccounter/asccode.vhd" sub00/vhpl06 1571205888
