AR fsub structural "C:/Users/Subham Jena 1/Desktop/deld vhdl/sub/str/FSUBSTR/SC.vhd" sub00/vhpl07 1571120672
EN or_1 NULL "C:/Users/Subham Jena 1/Desktop/deld vhdl/sub/str/FSUBSTR/SC.vhd" sub00/vhpl04 1571120669
EN fsub NULL "C:/Users/Subham Jena 1/Desktop/deld vhdl/sub/str/FSUBSTR/SC.vhd" sub00/vhpl06 1571120671
AR h2 dataflow "C:/Users/Subham Jena 1/Desktop/deld vhdl/sub/str/FSUBSTR/SC.vhd" sub00/vhpl03 1571120668
AR h1 dataflow "C:/Users/Subham Jena 1/Desktop/deld vhdl/sub/str/FSUBSTR/SC.vhd" sub00/vhpl01 1571120666
EN h1 NULL "C:/Users/Subham Jena 1/Desktop/deld vhdl/sub/str/FSUBSTR/SC.vhd" sub00/vhpl00 1571120665
EN h2 NULL "C:/Users/Subham Jena 1/Desktop/deld vhdl/sub/str/FSUBSTR/SC.vhd" sub00/vhpl02 1571120667
AR or_1 dataflow "C:/Users/Subham Jena 1/Desktop/deld vhdl/sub/str/FSUBSTR/SC.vhd" sub00/vhpl05 1571120670
