EN wave1 NULL "C:/Users/Subham Jena 1/Desktop/deld vhdl/eight/wave1.vhw" sub00/vhpl02 1570445409
AR eight behavioral "C:/Users/Subham Jena 1/Desktop/deld vhdl/eight/eight.vhd" sub00/vhpl01 1570445360
EN eight NULL "C:/Users/Subham Jena 1/Desktop/deld vhdl/eight/eight.vhd" sub00/vhpl00 1570445359
AR wave1 testbench_arch "C:/Users/Subham Jena 1/Desktop/deld vhdl/eight/wave1.vhw" sub00/vhpl03 1570445410
