AR jff behavioral C:/Users/DELL/Desktop/Akash/stucSyn/jff.vhd sub00/vhpl05 1539304585
EN stucsyn NULL C:/Users/DELL/Desktop/Akash/stucSyn/StucSyn.vhd sub00/vhpl00 1539304970
EN dff NULL C:/Users/DELL/Desktop/Akash/stucSyn/dff.vhd sub00/vhpl01 1539300965
AR dff behavioral C:/Users/DELL/Desktop/Akash/stucSyn/dff.vhd sub00/vhpl02 1539300966
AR stucsyn behavioral C:/Users/DELL/Desktop/Akash/stucSyn/StucSyn.vhd sub00/vhpl03 1539304971
EN jff NULL C:/Users/DELL/Desktop/Akash/stucSyn/jff.vhd sub00/vhpl04 1539304584
