V3 3
FL "C:/Users/Subham Jena 1/Desktop/deld vhdl/eight/mux8_1/mux_8_1.vhd" 2019/10/07.15:53:23 I.24
EN work/multiplexer8_1 1570443890 \
      FL "C:/Users/Subham Jena 1/Desktop/deld vhdl/eight/mux8_1/mux_8_1.vhd" \
      PB ieee/std_logic_1164 1131108373 PB ieee/std_logic_arith 1131108375 \
      PB ieee/STD_LOGIC_UNSIGNED 1131108379
AR work/multiplexer8_1/Behavioral 1570443891 \
      FL "C:/Users/Subham Jena 1/Desktop/deld vhdl/eight/mux8_1/mux_8_1.vhd" \
      EN work/multiplexer8_1 1570443890
