AR fsub1 behavioral "C:/Users/Subham Jena 1/Desktop/deld vhdl/sub/data/FSUB/FSUB1.vhd" sub00/vhpl01 1570686085
AR fsub12 testbench_arch "C:/Users/Subham Jena 1/Desktop/deld vhdl/sub/data/FSUB/FSUB12.vhw" sub00/vhpl03 1570686149
EN fsub1 NULL "C:/Users/Subham Jena 1/Desktop/deld vhdl/sub/data/FSUB/FSUB1.vhd" sub00/vhpl00 1570686084
EN fsub12 NULL "C:/Users/Subham Jena 1/Desktop/deld vhdl/sub/data/FSUB/FSUB12.vhw" sub00/vhpl02 1570686148
