AR hsub1 behavioral D:/DELD/HalfSubtractor/HSCode.vhd sub00/vhpl01 1571213168
EN hsub1 NULL D:/DELD/HalfSubtractor/HSCode.vhd sub00/vhpl00 1571213167
AR waveeeeeeeee testbench_arch D:/DELD/HalfSubtractor/waveeeeeeeee.vhw sub00/vhpl03 1571213170
EN waveeeeeeeee NULL D:/DELD/HalfSubtractor/waveeeeeeeee.vhw sub00/vhpl02 1571213169
