EN tff NULL "C:/Users/Subham Jena 1/Desktop/adarsh deld/VHDL/TFF/TFF.vhd" sub00/vhpl00 1570542230
EN wave NULL "C:/Users/Subham Jena 1/Desktop/adarsh deld/VHDL/TFF/wave.vhw" sub00/vhpl02 1570542232
AR wave testbench_arch "C:/Users/Subham Jena 1/Desktop/adarsh deld/VHDL/TFF/wave.vhw" sub00/vhpl03 1570542233
AR tff behavioral "C:/Users/Subham Jena 1/Desktop/adarsh deld/VHDL/TFF/TFF.vhd" sub00/vhpl01 1570542231
